  % Total    % Received % Xferd  Average Speed   Time    Time     Time  Current
                                 Dload  Upload   Total   Spent    Left  Speed
  0     0    0     0    0     0      0      0 --:--:-- --:--:-- --:--:--     0100   103    0     0  100   103      0    182 --:--:-- --:--:-- --:--:--   182
Alert sent to Discord!
Current System Status:
RAM Usage: 34%
Disk Usage: 97%
CPU Usage: 72%
  % Total    % Received % Xferd  Average Speed   Time    Time     Time  Current
                                 Dload  Upload   Total   Spent    Left  Speed
  0     0    0     0    0     0      0      0 --:--:-- --:--:-- --:--:--     0100   103    0     0  100   103      0    183 --:--:-- --:--:-- --:--:--   183
Alert sent to Discord!
Current System Status:
RAM Usage: 34%
Disk Usage: 97%
CPU Usage: 15%
  % Total    % Received % Xferd  Average Speed   Time    Time     Time  Current
                                 Dload  Upload   Total   Spent    Left  Speed
  0     0    0     0    0     0      0      0 --:--:-- --:--:-- --:--:--     0100    59    0     0  100    59      0   1017 --:--:-- --:--:-- --:--:--  1017100    59    0     0  100    59      0    127 --:--:-- --:--:-- --:--:--   127
Alert sent to Discord!
Current System Status:
RAM Usage: 34%
Disk Usage: 96%
CPU Usage: 2%
  % Total    % Received % Xferd  Average Speed   Time    Time     Time  Current
                                 Dload  Upload   Total   Spent    Left  Speed
  0     0    0     0    0     0      0      0 --:--:-- --:--:-- --:--:--     0100    59    0     0  100    59      0    144 --:--:-- --:--:-- --:--:--   144100    59    0     0  100    59      0    144 --:--:-- --:--:-- --:--:--   144
Alert sent to Discord!
Current System Status:
RAM Usage: 36%
Disk Usage: 96%
CPU Usage: 2%
